// Vitest Snapshot v1, https://vitest.dev/guide/snapshot.html

exports[`components/City > renders correctly 1`] = `
<DocumentFragment>
  <div
    clouds="[object Object]"
    coord="[object Object]"
    dt="1605434959"
    id="2950159"
    sys="[object Object]"
    visibility="10000"
    wind="[object Object]"
  >
    <h1>
      Berlin
    </h1>
    <p>
      clear sky
    </p>
    <div>
      H: 14°C L: 11°C
    </div>
  </div>
</DocumentFragment>
`;
