// Vitest Snapshot v1, https://vitest.dev/guide/snapshot.html

exports[`components/City > renders correctly 1`] = `
<DocumentFragment>
  <div
    clouds="[object Object]"
    coord="[object Object]"
    id="2950159"
    sys="[object Object]"
    visibility="10000"
    wind="[object Object]"
  >
    <h1>
      Berlin
    </h1>
    2020-11-15 10:09
    <div>
      Temp: 12.61
    </div>
    <ul>
      <li>
        clear sky
        <img
          alt="clear sky"
          src="https://openweathermap.org/img/w/01d.png"
        />
      </li>
    </ul>
  </div>
</DocumentFragment>
`;
