// Jest Snapshot v1, https://goo.gl/fbAQLP

exports[`components/Layout renders correctly 1`] = `
<DocumentFragment>
  <div
    class="layout"
  >
    <header>
      <div
        class="grid"
      >
        <nav
          class="navigation"
        >
          <ul
            class="navigation__list"
          >
            <li
              class="navigation__item"
            >
              <a
                class="navigation__link"
                href="/cities"
              >
                Cities
              </a>
            </li>
            <li
              class="navigation__item"
            >
              <a
                class="navigation__link"
                href="/search"
              >
                Search
              </a>
            </li>
            <li
              class="navigation__item"
            >
              <a
                class="navigation__link"
                href="/settings"
              >
                Settings
              </a>
            </li>
          </ul>
        </nav>
      </div>
    </header>
    <main
      class="main"
    >
      <div
        class="grid"
      >
        Content
      </div>
    </main>
    <div>
      <div
        class="grid"
      >
        <p>
          <a
            href="https://openweathermap.org/"
            rel="noopener noreferrer"
            target="_blank"
          >
            OpenWeather
          </a>
        </p>
      </div>
    </div>
  </div>
</DocumentFragment>
`;
