// Vitest Snapshot v1, https://vitest.dev/guide/snapshot.html

exports[`components/Search > renders correctly 1`] = `
<DocumentFragment>
  <form>
    <div
      class="form__field"
    >
      <input
        class="form__input"
        name="query"
      />
    </div>
    <div
      class="form__field"
    >
      <button
        class="form__input form__input--submit"
        type="submit"
      >
        translation:search
      </button>
    </div>
  </form>
</DocumentFragment>
`;
