// Jest Snapshot v1, https://goo.gl/fbAQLP

exports[`components/Settings renders correctly 1`] = `
<DocumentFragment>
  <form
    action="#"
  >
    <div
      class="form__field"
    >
      <label
        for="language"
      >
        Language
      </label>
      <select
        class="form__input"
        name="language"
      >
        <option
          value="en"
        >
          English
        </option>
        <option
          value="de"
        >
          German
        </option>
      </select>
    </div>
    <div
      class="form__field"
    >
      <label
        for="unit"
      >
        Unit
      </label>
      <select
        class="form__input"
        name="unit"
      >
        <option
          value="imperial"
        >
          imperial
        </option>
        <option
          value="metric"
        >
          metric
        </option>
      </select>
    </div>
    <div
      class="form__field"
    >
      <button
        class="form__input form__input--submit"
        type="submit"
      >
        Save
      </button>
    </div>
  </form>
</DocumentFragment>
`;
