// Jest Snapshot v1, https://goo.gl/fbAQLP

exports[`components/Layout renders correctly 1`] = `
<div
  className="layout"
>
  <header>
    <div
      className="grid"
    >
      <nav
        className="navigation"
      >
        <ul
          className="navigation__list"
        >
          <li
            className="navigation__item"
          >
            <a
              className="navigation__link"
              href="/"
              onClick={[Function]}
            >
              Home
            </a>
          </li>
          <li
            className="navigation__item"
          >
            <a
              className="navigation__link"
              href="/cities"
              onClick={[Function]}
            >
              Cities
            </a>
          </li>
          <li
            className="navigation__item"
          >
            <a
              className="navigation__link"
              href="/search"
              onClick={[Function]}
            >
              Search
            </a>
          </li>
          <li
            className="navigation__item"
          >
            <a
              className="navigation__link"
              href="/settings"
              onClick={[Function]}
            >
              Settings
            </a>
          </li>
        </ul>
      </nav>
    </div>
  </header>
  <main
    className="main"
  >
    <div
      className="grid"
    >
      Content
    </div>
  </main>
  <div>
    <div
      className="grid"
    >
      FOOTER
    </div>
  </div>
</div>
`;
