// Vitest Snapshot v1, https://vitest.dev/guide/snapshot.html

exports[`components/Navigation > should render correctly 1`] = `
<DocumentFragment>
  <nav
    class="navigation"
  >
    <ul
      class="navigation__list"
    >
      <li
        class="navigation__item"
      >
        <a
          aria-current="page"
          class="navigation__link navigation__linkActive"
          href="/"
        >
          <span>
            Home
          </span>
        </a>
      </li>
    </ul>
  </nav>
</DocumentFragment>
`;

exports[`components/Navigation > should render empty routes correctly 1`] = `
<DocumentFragment>
  <nav
    class="navigation"
  />
</DocumentFragment>
`;
