// Jest Snapshot v1, https://goo.gl/fbAQLP

exports[`components/Search renders correctly 1`] = `
<DocumentFragment>
  <form
    action="#"
  >
    <div
      class="form__field"
    >
      <input
        class="form__input"
        name="query"
        value=""
      />
    </div>
    <div
      class="form__field"
    >
      <button
        class="form__input form__input--submit"
        type="submit"
      >
        translation:search
      </button>
    </div>
  </form>
</DocumentFragment>
`;
